Archive member included because of file (symbol)

c:/winavr-20100110/bin/../lib/gcc/avr/4.3.3/avr5\libgcc.a(_exit.o)
                              c:/winavr-20100110/bin/../lib/gcc/avr/4.3.3/../../../../avr/lib/avr5/crtm32.o (exit)
c:/winavr-20100110/bin/../lib/gcc/avr/4.3.3/avr5\libgcc.a(_copy_data.o)
                              ./RTOS_Ex3.o (__do_copy_data)
c:/winavr-20100110/bin/../lib/gcc/avr/4.3.3/avr5\libgcc.a(_clear_bss.o)
                              ./RTOS_Ex3.o (__do_clear_bss)
c:/winavr-20100110/bin/../lib/gcc/avr/4.3.3/../../../../avr/lib/avr5\libc.a(memcpy.o)
                              ./queue.o (memcpy)
c:/winavr-20100110/bin/../lib/gcc/avr/4.3.3/../../../../avr/lib/avr5\libc.a(memset.o)
                              ./tasks.o (memset)
c:/winavr-20100110/bin/../lib/gcc/avr/4.3.3/../../../../avr/lib/avr5\libc.a(strncpy.o)
                              ./tasks.o (strncpy)

Allocating common symbols
Common symbol       size              file

xSemaphore          0x2               ./RTOS_Ex3.o

Memory Configuration

Name             Origin             Length             Attributes
text             0x00000000         0x00020000         xr
data             0x00800060         0x0000ffa0         rw !x
eeprom           0x00810000         0x00010000         rw !x
fuse             0x00820000         0x00000400         rw !x
lock             0x00830000         0x00000400         rw !x
signature        0x00840000         0x00000400         rw !x
*default*        0x00000000         0xffffffff

Linker script and memory map

LOAD c:/winavr-20100110/bin/../lib/gcc/avr/4.3.3/../../../../avr/lib/avr5/crtm32.o
LOAD ./RTOS_Ex3.o
LOAD ./croutine.o
LOAD ./heap_1.o
LOAD ./list.o
LOAD ./port.o
LOAD ./queue.o
LOAD ./tasks.o
LOAD ./timers.o
LOAD c:/winavr-20100110/bin/../lib/gcc/avr/4.3.3/avr5\libgcc.a
LOAD c:/winavr-20100110/bin/../lib/gcc/avr/4.3.3/../../../../avr/lib/avr5\libc.a
LOAD c:/winavr-20100110/bin/../lib/gcc/avr/4.3.3/avr5\libgcc.a

.hash
 *(.hash)

.dynsym
 *(.dynsym)

.dynstr
 *(.dynstr)

.gnu.version
 *(.gnu.version)

.gnu.version_d
 *(.gnu.version_d)

.gnu.version_r
 *(.gnu.version_r)

.rel.init
 *(.rel.init)

.rela.init
 *(.rela.init)

.rel.text
 *(.rel.text)
 *(.rel.text.*)
 *(.rel.gnu.linkonce.t*)

.rela.text
 *(.rela.text)
 *(.rela.text.*)
 *(.rela.gnu.linkonce.t*)

.rel.fini
 *(.rel.fini)

.rela.fini
 *(.rela.fini)

.rel.rodata
 *(.rel.rodata)
 *(.rel.rodata.*)
 *(.rel.gnu.linkonce.r*)

.rela.rodata
 *(.rela.rodata)
 *(.rela.rodata.*)
 *(.rela.gnu.linkonce.r*)

.rel.data
 *(.rel.data)
 *(.rel.data.*)
 *(.rel.gnu.linkonce.d*)

.rela.data
 *(.rela.data)
 *(.rela.data.*)
 *(.rela.gnu.linkonce.d*)

.rel.ctors
 *(.rel.ctors)

.rela.ctors
 *(.rela.ctors)

.rel.dtors
 *(.rel.dtors)

.rela.dtors
 *(.rela.dtors)

.rel.got
 *(.rel.got)

.rela.got
 *(.rela.got)

.rel.bss
 *(.rel.bss)

.rela.bss
 *(.rela.bss)

.rel.plt
 *(.rel.plt)

.rela.plt
 *(.rela.plt)

.text           0x00000000     0x27ca
 *(.vectors)
 .vectors       0x00000000       0x54 c:/winavr-20100110/bin/../lib/gcc/avr/4.3.3/../../../../avr/lib/avr5/crtm32.o
                0x00000000                __vectors
                0x00000000                __vector_default
 *(.vectors)
 *(.progmem.gcc*)
 *(.progmem*)
                0x00000054                . = ALIGN (0x2)
                0x00000054                __trampolines_start = .
 *(.trampolines)
 .trampolines   0x00000054        0x0 linker stubs
 *(.trampolines*)
                0x00000054                __trampolines_end = .
 *(.jumptables)
 *(.jumptables*)
 *(.lowtext)
 *(.lowtext*)
                0x00000054                __ctors_start = .
 *(.ctors)
                0x00000054                __ctors_end = .
                0x00000054                __dtors_start = .
 *(.dtors)
                0x00000054                __dtors_end = .
 SORT(*)(.ctors)
 SORT(*)(.dtors)
 *(.init0)
 .init0         0x00000054        0x0 c:/winavr-20100110/bin/../lib/gcc/avr/4.3.3/../../../../avr/lib/avr5/crtm32.o
                0x00000054                __init
 *(.init0)
 *(.init1)
 *(.init1)
 *(.init2)
 .init2         0x00000054        0xc c:/winavr-20100110/bin/../lib/gcc/avr/4.3.3/../../../../avr/lib/avr5/crtm32.o
 *(.init2)
 *(.init3)
 *(.init3)
 *(.init4)
 .init4         0x00000060       0x16 c:/winavr-20100110/bin/../lib/gcc/avr/4.3.3/avr5\libgcc.a(_copy_data.o)
                0x00000060                __do_copy_data
 .init4         0x00000076       0x10 c:/winavr-20100110/bin/../lib/gcc/avr/4.3.3/avr5\libgcc.a(_clear_bss.o)
                0x00000076                __do_clear_bss
 *(.init4)
 *(.init5)
 *(.init5)
 *(.init6)
 *(.init6)
 *(.init7)
 *(.init7)
 *(.init8)
 *(.init8)
 *(.init9)
 .init9         0x00000086        0x8 c:/winavr-20100110/bin/../lib/gcc/avr/4.3.3/../../../../avr/lib/avr5/crtm32.o
 *(.init9)
 *(.text)
 .text          0x0000008e        0x4 c:/winavr-20100110/bin/../lib/gcc/avr/4.3.3/../../../../avr/lib/avr5/crtm32.o
                0x0000008e                __vector_1
                0x0000008e                __vector_12
                0x0000008e                __bad_interrupt
                0x0000008e                __vector_6
                0x0000008e                __vector_3
                0x0000008e                __vector_11
                0x0000008e                __vector_13
                0x0000008e                __vector_17
                0x0000008e                __vector_19
                0x0000008e                __vector_5
                0x0000008e                __vector_4
                0x0000008e                __vector_9
                0x0000008e                __vector_2
                0x0000008e                __vector_15
                0x0000008e                __vector_8
                0x0000008e                __vector_14
                0x0000008e                __vector_10
                0x0000008e                __vector_16
                0x0000008e                __vector_18
                0x0000008e                __vector_20
 .text          0x00000092        0x0 ./RTOS_Ex3.o
 .text          0x00000092        0x0 ./croutine.o
 .text          0x00000092        0x0 ./heap_1.o
 .text          0x00000092        0x0 ./list.o
 .text          0x00000092        0x0 ./port.o
 .text          0x00000092        0x0 ./queue.o
 .text          0x00000092        0x0 ./tasks.o
 .text          0x00000092        0x0 ./timers.o
 .text          0x00000092        0x0 c:/winavr-20100110/bin/../lib/gcc/avr/4.3.3/avr5\libgcc.a(_exit.o)
 .text          0x00000092        0x0 c:/winavr-20100110/bin/../lib/gcc/avr/4.3.3/avr5\libgcc.a(_copy_data.o)
 .text          0x00000092        0x0 c:/winavr-20100110/bin/../lib/gcc/avr/4.3.3/avr5\libgcc.a(_clear_bss.o)
 .text          0x00000092        0x0 c:/winavr-20100110/bin/../lib/gcc/avr/4.3.3/../../../../avr/lib/avr5\libc.a(memcpy.o)
 .text          0x00000092        0x0 c:/winavr-20100110/bin/../lib/gcc/avr/4.3.3/../../../../avr/lib/avr5\libc.a(memset.o)
 .text          0x00000092        0x0 c:/winavr-20100110/bin/../lib/gcc/avr/4.3.3/../../../../avr/lib/avr5\libc.a(strncpy.o)
                0x00000092                . = ALIGN (0x2)
 *(.text.*)
 .text.main     0x00000092       0xac ./RTOS_Ex3.o
                0x00000092                main
 .text.task1_code
                0x0000013e       0x72 ./RTOS_Ex3.o
                0x0000013e                task1_code
 .text.task2_code
                0x000001b0       0x5e ./RTOS_Ex3.o
                0x000001b0                task2_code
 .text.xCoRoutineCreate
                0x0000020e      0x128 ./croutine.o
                0x0000020e                xCoRoutineCreate
 .text.vCoRoutineAddToDelayedList
                0x00000336       0xc2 ./croutine.o
                0x00000336                vCoRoutineAddToDelayedList
 .text.prvCheckPendingReadyList
                0x000003f8       0x94 ./croutine.o
 .text.prvCheckDelayedList
                0x0000048c      0x15c ./croutine.o
 .text.vCoRoutineSchedule
                0x000005e8       0xf4 ./croutine.o
                0x000005e8                vCoRoutineSchedule
 .text.prvInitialiseCoRoutineLists
                0x000006dc       0x72 ./croutine.o
 .text.xCoRoutineRemoveFromEventList
                0x0000074e       0x70 ./croutine.o
                0x0000074e                xCoRoutineRemoveFromEventList
 .text.pvPortMalloc
                0x000007be       0x8c ./heap_1.o
                0x000007be                pvPortMalloc
 .text.vPortFree
                0x0000084a       0x18 ./heap_1.o
                0x0000084a                vPortFree
 .text.vPortInitialiseBlocks
                0x00000862       0x16 ./heap_1.o
                0x00000862                vPortInitialiseBlocks
 .text.xPortGetFreeHeapSize
                0x00000878       0x1e ./heap_1.o
                0x00000878                xPortGetFreeHeapSize
 .text.vListInitialise
                0x00000896       0x54 ./list.o
                0x00000896                vListInitialise
 .text.vListInitialiseItem
                0x000008ea       0x20 ./list.o
                0x000008ea                vListInitialiseItem
 .text.vListInsertEnd
                0x0000090a       0x98 ./list.o
                0x0000090a                vListInsertEnd
 .text.vListInsert
                0x000009a2       0xd8 ./list.o
                0x000009a2                vListInsert
 .text.vListRemove
                0x00000a7a       0x92 ./list.o
                0x00000a7a                vListRemove
 .text.pxPortInitialiseStack
                0x00000b0c      0x306 ./port.o
                0x00000b0c                pxPortInitialiseStack
 .text.xPortStartScheduler
                0x00000e12       0x6a ./port.o
                0x00000e12                xPortStartScheduler
 .text.vPortEndScheduler
                0x00000e7c        0xe ./port.o
                0x00000e7c                vPortEndScheduler
 .text.vPortYield
                0x00000e8a       0xb2 ./port.o
                0x00000e8a                vPortYield
 .text.vPortYieldFromTick
                0x00000f3c       0xb6 ./port.o
                0x00000f3c                vPortYieldFromTick
 .text.prvSetupTimerInterrupt
                0x00000ff2       0xb8 ./port.o
 .text.__vector_7
                0x000010aa        0x6 ./port.o
                0x000010aa                __vector_7
 .text.xQueueCreate
                0x000010b0      0x152 ./queue.o
                0x000010b0                xQueueCreate
 .text.xQueueGenericSend
                0x00001202      0x13c ./queue.o
                0x00001202                xQueueGenericSend
 .text.xQueueGenericSendFromISR
                0x0000133e       0x9a ./queue.o
                0x0000133e                xQueueGenericSendFromISR
 .text.xQueueGenericReceive
                0x000013d8      0x180 ./queue.o
                0x000013d8                xQueueGenericReceive
 .text.xQueueReceiveFromISR
                0x00001558       0x9e ./queue.o
                0x00001558                xQueueReceiveFromISR
 .text.uxQueueMessagesWaiting
                0x000015f6       0x30 ./queue.o
                0x000015f6                uxQueueMessagesWaiting
 .text.uxQueueMessagesWaitingFromISR
                0x00001626       0x26 ./queue.o
                0x00001626                uxQueueMessagesWaitingFromISR
 .text.vQueueDelete
                0x0000164c       0x2c ./queue.o
                0x0000164c                vQueueDelete
 .text.prvCopyDataToQueue
                0x00001678      0x12a ./queue.o
 .text.prvCopyDataFromQueue
                0x000017a2       0x90 ./queue.o
 .text.prvUnlockQueue
                0x00001832       0xa8 ./queue.o
 .text.prvIsQueueEmpty
                0x000018da       0x38 ./queue.o
 .text.xQueueIsQueueEmptyFromISR
                0x00001912       0x2e ./queue.o
                0x00001912                xQueueIsQueueEmptyFromISR
 .text.prvIsQueueFull
                0x00001940       0x3e ./queue.o
 .text.xQueueIsQueueFullFromISR
                0x0000197e       0x34 ./queue.o
                0x0000197e                xQueueIsQueueFullFromISR
 .text.xTaskGenericCreate
                0x000019b2      0x1da ./tasks.o
                0x000019b2                xTaskGenericCreate
 .text.vTaskDelete
                0x00001b8c       0xc6 ./tasks.o
                0x00001b8c                vTaskDelete
 .text.vTaskDelayUntil
                0x00001c52       0xe8 ./tasks.o
                0x00001c52                vTaskDelayUntil
 .text.vTaskDelay
                0x00001d3a       0x6a ./tasks.o
                0x00001d3a                vTaskDelay
 .text.vTaskStartScheduler
                0x00001da4       0x6e ./tasks.o
                0x00001da4                vTaskStartScheduler
 .text.vTaskEndScheduler
                0x00001e12       0x18 ./tasks.o
                0x00001e12                vTaskEndScheduler
 .text.vTaskSuspendAll
                0x00001e2a       0x18 ./tasks.o
                0x00001e2a                vTaskSuspendAll
 .text.xTaskResumeAll
                0x00001e42      0x114 ./tasks.o
                0x00001e42                xTaskResumeAll
 .text.xTaskGetTickCount
                0x00001f56       0x2e ./tasks.o
                0x00001f56                xTaskGetTickCount
 .text.xTaskGetTickCountFromISR
                0x00001f84       0x2a ./tasks.o
                0x00001f84                xTaskGetTickCountFromISR
 .text.uxTaskGetNumberOfTasks
                0x00001fae       0x12 ./tasks.o
                0x00001fae                uxTaskGetNumberOfTasks
 .text.vTaskIncrementTick
                0x00001fc0      0x1aa ./tasks.o
                0x00001fc0                vTaskIncrementTick
 .text.vTaskSwitchContext
                0x0000216a       0xcc ./tasks.o
                0x0000216a                vTaskSwitchContext
 .text.vTaskPlaceOnEventList
                0x00002236       0x6c ./tasks.o
                0x00002236                vTaskPlaceOnEventList
 .text.xTaskRemoveFromEventList
                0x000022a2       0xd0 ./tasks.o
                0x000022a2                xTaskRemoveFromEventList
 .text.vTaskSetTimeOutState
                0x00002372       0x32 ./tasks.o
                0x00002372                vTaskSetTimeOutState
 .text.xTaskCheckForTimeOut
                0x000023a4       0xba ./tasks.o
                0x000023a4                xTaskCheckForTimeOut
 .text.vTaskMissedYield
                0x0000245e       0x14 ./tasks.o
                0x0000245e                vTaskMissedYield
 .text.prvIdleTask
                0x00002472       0x14 ./tasks.o
 .text.prvInitialiseTCBVariables
                0x00002486       0xae ./tasks.o
 .text.prvInitialiseTaskLists
                0x00002534       0x7a ./tasks.o
 .text.prvCheckTasksWaitingTermination
                0x000025ae       0x7c ./tasks.o
 .text.prvAddCurrentTaskToDelayedList
                0x0000262a       0x92 ./tasks.o
 .text.prvAllocateTCBAndStack
                0x000026bc       0xa0 ./tasks.o
 .text.prvDeleteTCB
                0x0000275c       0x2c ./tasks.o
 .text.libgcc   0x00002788        0x0 c:/winavr-20100110/bin/../lib/gcc/avr/4.3.3/avr5\libgcc.a(_exit.o)
 .text.libgcc   0x00002788        0x0 c:/winavr-20100110/bin/../lib/gcc/avr/4.3.3/avr5\libgcc.a(_copy_data.o)
 .text.libgcc   0x00002788        0x0 c:/winavr-20100110/bin/../lib/gcc/avr/4.3.3/avr5\libgcc.a(_clear_bss.o)
 .text.avr-libc
                0x00002788       0x12 c:/winavr-20100110/bin/../lib/gcc/avr/4.3.3/../../../../avr/lib/avr5\libc.a(memcpy.o)
                0x00002788                memcpy
 .text.avr-libc
                0x0000279a        0xe c:/winavr-20100110/bin/../lib/gcc/avr/4.3.3/../../../../avr/lib/avr5\libc.a(memset.o)
                0x0000279a                memset
 .text.avr-libc
                0x000027a8       0x1e c:/winavr-20100110/bin/../lib/gcc/avr/4.3.3/../../../../avr/lib/avr5\libc.a(strncpy.o)
                0x000027a8                strncpy
                0x000027c6                . = ALIGN (0x2)
 *(.fini9)
 .fini9         0x000027c6        0x0 c:/winavr-20100110/bin/../lib/gcc/avr/4.3.3/avr5\libgcc.a(_exit.o)
                0x000027c6                exit
                0x000027c6                _exit
 *(.fini9)
 *(.fini8)
 *(.fini8)
 *(.fini7)
 *(.fini7)
 *(.fini6)
 *(.fini6)
 *(.fini5)
 *(.fini5)
 *(.fini4)
 *(.fini4)
 *(.fini3)
 *(.fini3)
 *(.fini2)
 *(.fini2)
 *(.fini1)
 *(.fini1)
 *(.fini0)
 .fini0         0x000027c6        0x4 c:/winavr-20100110/bin/../lib/gcc/avr/4.3.3/avr5\libgcc.a(_exit.o)
 *(.fini0)
                0x000027ca                _etext = .

.data           0x00800060       0x14 load address 0x000027ca
                0x00800060                PROVIDE (__data_start, .)
 *(.data)
 .data          0x00800060        0x0 c:/winavr-20100110/bin/../lib/gcc/avr/4.3.3/../../../../avr/lib/avr5/crtm32.o
 .data          0x00800060        0xc ./RTOS_Ex3.o
 .data          0x0080006c        0x0 ./croutine.o
 .data          0x0080006c        0x0 ./heap_1.o
 .data          0x0080006c        0x0 ./list.o
 .data          0x0080006c        0x0 ./port.o
 .data          0x0080006c        0x0 ./queue.o
 .data          0x0080006c        0x5 ./tasks.o
 .data          0x00800071        0x0 ./timers.o
 .data          0x00800071        0x0 c:/winavr-20100110/bin/../lib/gcc/avr/4.3.3/avr5\libgcc.a(_exit.o)
 .data          0x00800071        0x0 c:/winavr-20100110/bin/../lib/gcc/avr/4.3.3/avr5\libgcc.a(_copy_data.o)
 .data          0x00800071        0x0 c:/winavr-20100110/bin/../lib/gcc/avr/4.3.3/avr5\libgcc.a(_clear_bss.o)
 .data          0x00800071        0x0 c:/winavr-20100110/bin/../lib/gcc/avr/4.3.3/../../../../avr/lib/avr5\libc.a(memcpy.o)
 .data          0x00800071        0x0 c:/winavr-20100110/bin/../lib/gcc/avr/4.3.3/../../../../avr/lib/avr5\libc.a(memset.o)
 .data          0x00800071        0x0 c:/winavr-20100110/bin/../lib/gcc/avr/4.3.3/../../../../avr/lib/avr5\libc.a(strncpy.o)
 *(.data*)
 .data.xNextTaskUnblockTime
                0x00800071        0x2 ./tasks.o
 *(.rodata)
 *(.rodata*)
 *(.gnu.linkonce.d*)
                0x00800074                . = ALIGN (0x2)
 *fill*         0x00800073        0x1 00
                0x00800074                _edata = .
                0x00800074                PROVIDE (__data_end, .)

.bss            0x00800074      0x2f9
                0x00800074                PROVIDE (__bss_start, .)
 *(.bss)
 .bss           0x00800074        0x0 c:/winavr-20100110/bin/../lib/gcc/avr/4.3.3/../../../../avr/lib/avr5/crtm32.o
 .bss           0x00800074        0x0 ./RTOS_Ex3.o
 .bss           0x00800074        0x0 ./croutine.o
 .bss           0x00800074        0x0 ./heap_1.o
 .bss           0x00800074        0x0 ./list.o
 .bss           0x00800074        0x0 ./port.o
 .bss           0x00800074        0x0 ./queue.o
 .bss           0x00800074        0x0 ./tasks.o
 .bss           0x00800074        0x0 ./timers.o
 .bss           0x00800074        0x0 c:/winavr-20100110/bin/../lib/gcc/avr/4.3.3/avr5\libgcc.a(_exit.o)
 .bss           0x00800074        0x0 c:/winavr-20100110/bin/../lib/gcc/avr/4.3.3/avr5\libgcc.a(_copy_data.o)
 .bss           0x00800074        0x0 c:/winavr-20100110/bin/../lib/gcc/avr/4.3.3/avr5\libgcc.a(_clear_bss.o)
 .bss           0x00800074        0x0 c:/winavr-20100110/bin/../lib/gcc/avr/4.3.3/../../../../avr/lib/avr5\libc.a(memcpy.o)
 .bss           0x00800074        0x0 c:/winavr-20100110/bin/../lib/gcc/avr/4.3.3/../../../../avr/lib/avr5\libc.a(memset.o)
 .bss           0x00800074        0x0 c:/winavr-20100110/bin/../lib/gcc/avr/4.3.3/../../../../avr/lib/avr5\libc.a(strncpy.o)
 *(.bss*)
 .bss.pxCurrentCoRoutine
                0x00800074        0x2 ./croutine.o
                0x00800074                pxCurrentCoRoutine
 .bss.uxTopCoRoutineReadyPriority
                0x00800076        0x1 ./croutine.o
 .bss.xCoRoutineTickCount
                0x00800077        0x2 ./croutine.o
 .bss.xLastTickCount
                0x00800079        0x2 ./croutine.o
 .bss.xPassedTicks
                0x0080007b        0x2 ./croutine.o
 .bss.pxReadyCoRoutineLists
                0x0080007d       0x12 ./croutine.o
 .bss.xDelayedCoRoutineList1
                0x0080008f        0x9 ./croutine.o
 .bss.xDelayedCoRoutineList2
                0x00800098        0x9 ./croutine.o
 .bss.pxDelayedCoRoutineList
                0x008000a1        0x2 ./croutine.o
 .bss.pxOverflowDelayedCoRoutineList
                0x008000a3        0x2 ./croutine.o
 .bss.xPendingReadyCoRoutineList
                0x008000a5        0x9 ./croutine.o
 .bss.xNextFreeByte
                0x008000ae        0x2 ./heap_1.o
 .bss.xHeap     0x008000b0      0x258 ./heap_1.o
 .bss.pxCurrentTCB
                0x00800308        0x2 ./tasks.o
                0x00800308                pxCurrentTCB
 .bss.uxTasksDeleted
                0x0080030a        0x1 ./tasks.o
 .bss.uxCurrentNumberOfTasks
                0x0080030b        0x1 ./tasks.o
 .bss.xTickCount
                0x0080030c        0x2 ./tasks.o
 .bss.uxTopUsedPriority
                0x0080030e        0x1 ./tasks.o
 .bss.uxTopReadyPriority
                0x0080030f        0x1 ./tasks.o
 .bss.xSchedulerRunning
                0x00800310        0x1 ./tasks.o
 .bss.uxSchedulerSuspended
                0x00800311        0x1 ./tasks.o
 .bss.uxMissedTicks
                0x00800312        0x1 ./tasks.o
 .bss.xMissedYield
                0x00800313        0x1 ./tasks.o
 .bss.xNumOfOverflows
                0x00800314        0x1 ./tasks.o
 .bss.uxTaskNumber
                0x00800315        0x1 ./tasks.o
 .bss.pxReadyTasksLists
                0x00800316       0x2d ./tasks.o
 .bss.xDelayedTaskList1
                0x00800343        0x9 ./tasks.o
 .bss.xDelayedTaskList2
                0x0080034c        0x9 ./tasks.o
 .bss.pxDelayedTaskList
                0x00800355        0x2 ./tasks.o
 .bss.pxOverflowDelayedTaskList
                0x00800357        0x2 ./tasks.o
 .bss.xPendingReadyList
                0x00800359        0x9 ./tasks.o
 .bss.xTasksWaitingTermination
                0x00800362        0x9 ./tasks.o
 *(COMMON)
 COMMON         0x0080036b        0x2 ./RTOS_Ex3.o
                0x0080036b                xSemaphore
                0x0080036d                PROVIDE (__bss_end, .)
                0x000027ca                __data_load_start = LOADADDR (.data)
                0x000027de                __data_load_end = (__data_load_start + SIZEOF (.data))

.noinit         0x0080036d        0x0
                0x0080036d                PROVIDE (__noinit_start, .)
 *(.noinit*)
                0x0080036d                PROVIDE (__noinit_end, .)
                0x0080036d                _end = .
                0x0080036d                PROVIDE (__heap_start, .)

.eeprom         0x00810000        0x0
 *(.eeprom*)
                0x00810000                __eeprom_end = .

.fuse
 *(.fuse)
 *(.lfuse)
 *(.hfuse)
 *(.efuse)

.lock
 *(.lock*)

.signature
 *(.signature*)

.stab           0x00000000     0x4434
 *(.stab)
 .stab          0x00000000      0x624 ./RTOS_Ex3.o
 .stab          0x00000624      0x84c ./croutine.o
                                0xb40 (size before relaxing)
 .stab          0x00000e70      0x354 ./heap_1.o
                                0x624 (size before relaxing)
 .stab          0x000011c4      0x474 ./list.o
                                0x750 (size before relaxing)
 .stab          0x00001638      0x840 ./port.o
                                0xb70 (size before relaxing)
 .stab          0x00001e78      0xe94 ./queue.o
                               0x11d0 (size before relaxing)
 .stab          0x00002d0c     0x1578 ./tasks.o
                               0x17d0 (size before relaxing)
 .stab          0x00004284      0x1b0 ./timers.o
                                0x4c8 (size before relaxing)

.stabstr        0x00000000     0x296a
 *(.stabstr)
 .stabstr       0x00000000     0x296a ./RTOS_Ex3.o

.stab.excl
 *(.stab.excl)

.stab.exclstr
 *(.stab.exclstr)

.stab.index
 *(.stab.index)

.stab.indexstr
 *(.stab.indexstr)

.comment
 *(.comment)

.debug
 *(.debug)

.line
 *(.line)

.debug_srcinfo
 *(.debug_srcinfo)

.debug_sfnames
 *(.debug_sfnames)

.debug_aranges
 *(.debug_aranges)

.debug_pubnames
 *(.debug_pubnames)

.debug_info
 *(.debug_info)
 *(.gnu.linkonce.wi.*)

.debug_abbrev
 *(.debug_abbrev)

.debug_line
 *(.debug_line)

.debug_frame
 *(.debug_frame)

.debug_str
 *(.debug_str)

.debug_loc
 *(.debug_loc)

.debug_macinfo
 *(.debug_macinfo)
OUTPUT(RTOS_Ex3.elf elf32-avr)
LOAD linker stubs
